[safraro.neohost.tec.br/index.html]
[backblue.gif]
[fade.gif]
[index.html]
[safraro.neohost.tec.br/cp/themes/default2/css/flux/unitip.css]
[ajax.googleapis.com/ajax/libs/jquery/3.3.1/jquery.min.js]
[safraro.neohost.tec.br/cp/themes/default2/css/eadev.min.css]
[safraro.neohost.tec.br/cp/themes/default2/js/flux.datefields.js]
[safraro.neohost.tec.br/cp/themes/default2/js/flux.unitip.js]
[safraro.neohost.tec.br/cp/themes/default2/js/eadev.min.js]
[safraro.neohost.tec.br/cp/themes/default2/js/jquery-2.1.1.min.js]
[safraro.neohost.tec.br/cp/themes/default2/img/spinner.gif]
[safraro.neohost.tec.br/cp/indexd1b9.html]
[safraro.neohost.tec.br/cp/themes/default2/img/online.png]
[safraro.neohost.tec.br/cp/themes/default2/img/offline.png]
[safraro.neohost.tec.br/cp/themes/default2/img/slider-render-1.png]
[safraro.neohost.tec.br/cp/themes/default2/img/slider-render-3.png]
[safraro.neohost.tec.br/cp/themes/default2/img/slider-render-4.png]
[safraro.neohost.tec.br/cp/themes/default2/img/logo.png]
[safraro.neohost.tec.br/cp/index4393.html]
[safraro.neohost.tec.br/cp/index275c.html]
[safraro.neohost.tec.br/cp/themes/default2/img/welcome-buttons.png]
[safraro.neohost.tec.br/cp/indexfb45.html]
[safraro.neohost.tec.br/cp/themes/default2/img/ajude.png]
[safraro.neohost.tec.br/cp/indexd9fc.html]
[safraro.neohost.tec.br/cp/themes/default2/img/social-icons.png]
[safraro.neohost.tec.br/cp/index358c.html]
[safraro.neohost.tec.br/cp/themes/default2/img/system-1.jpg]
[safraro.neohost.tec.br/cp/themes/default2/img/emblem.png]
[safraro.neohost.tec.br/cp/themes/default2/img/jobs/F/0.gif]
[safraro.neohost.tec.br/cp/themes/default2/img/jobs/M/4013.gif]
[safraro.neohost.tec.br/cp/themes/default2/img/eadev.png]
[safraro.neohost.tec.br/cp/indexf4a2.html]
[safraro.neohost.tec.br/cp/themes/default2/img/lvy.png]
[safraro.neohost.tec.br/index.html]
[safraro.neohost.tec.br/cp/indexdf3b.html]
[safraro.neohost.tec.br/cp/themes/default2/img/TipPoint.png]
[safraro.neohost.tec.br/cp/themes/default2/img/TipMid.png]
[safraro.neohost.tec.br/cp/themes/default2/img/TipCap.png]
[safraro.neohost.tec.br/cp/themes/default2/css/flux/unitip.css]
[safraro.neohost.tec.br/cp/themes/default2/img/BebasNeue-Regular.ttf]
[safraro.neohost.tec.br/cp/themes/default2/img/slideBg.jpg]
[safraro.neohost.tec.br/cp/themes/default2/img/clouds.png]
[safraro.neohost.tec.br/cp/themes/default2/img/welcome-render.png]
[safraro.neohost.tec.br/cp/themes/default2/img/inputBg.png]
[safraro.neohost.tec.br/cp/themes/default2/img/buttons.png]
[safraro.neohost.tec.br/cp/themes/default2/img/systems-bg.jpg]
[safraro.neohost.tec.br/cp/themes/default2/img/prev.png]
[safraro.neohost.tec.br/cp/themes/default2/img/next.png]
[safraro.neohost.tec.br/cp/themes/default2/img/instances.png]
[safraro.neohost.tec.br/cp/themes/default2/img/instances_hover.png]
[safraro.neohost.tec.br/cp/themes/default2/img/events.png]
[safraro.neohost.tec.br/cp/themes/default2/img/events_hover.png]
[safraro.neohost.tec.br/cp/themes/default2/img/recompencas.png]
[safraro.neohost.tec.br/cp/themes/default2/img/recompencas_hover.png]
[safraro.neohost.tec.br/cp/themes/default2/img/batalha.png]
[safraro.neohost.tec.br/cp/themes/default2/img/batalha_hover.png]
[safraro.neohost.tec.br/cp/themes/default2/img/woe-bg.jpg]
[safraro.neohost.tec.br/cp/themes/default2/img/flagsBG.png]
[safraro.neohost.tec.br/cp/themes/default2/img/rankBg.png]
[safraro.neohost.tec.br/cp/themes/default2/img/swords.png]
[safraro.neohost.tec.br/cp/themes/default2/img/deaths.png]
[safraro.neohost.tec.br/cp/themes/default2/img/cog.png]
[safraro.neohost.tec.br/cp/themes/default2/img/kafra.png]
[safraro.neohost.tec.br/cp/themes/default2/img/char-prev.png]
[safraro.neohost.tec.br/cp/themes/default2/img/char-next.png]
[safraro.neohost.tec.br/cp/themes/default2/img/account.png]
[safraro.neohost.tec.br/cp/themes/default2/img/donate.png]
[safraro.neohost.tec.br/cp/themes/default2/img/shop.png]
[safraro.neohost.tec.br/cp/themes/default2/img/vote.png]
[safraro.neohost.tec.br/cp/themes/default2/img/admin.png]
[safraro.neohost.tec.br/cp/themes/default2/img/reset.png]
[safraro.neohost.tec.br/cp/themes/default2/img/change-email.png]
[safraro.neohost.tec.br/cp/themes/default2/img/coin.png]
[safraro.neohost.tec.br/cp/themes/default2/img/zeny.png]
[safraro.neohost.tec.br/cp/themes/default2/img/heart.png]
[safraro.neohost.tec.br/cp/themes/default2/img/afk.png]
[safraro.neohost.tec.br/cp/themes/default2/img/volume.png]
[safraro.neohost.tec.br/cp/themes/default2/img/facebook.png]
[safraro.neohost.tec.br/cp/themes/default2/css/eadev.min.css]
[safraro.neohost.tec.br/cp/indexd1b9.html]
[safraro.neohost.tec.br/cp/indexcaa6.html]
[safraro.neohost.tec.br/cp/themes/default2/img/chibi_info.png]
[safraro.neohost.tec.br/cp/index4393.html]
[safraro.neohost.tec.br/cp/index7713.html]
[safraro.neohost.tec.br/cp/themes/default2/img/download_full.png]
[safraro.neohost.tec.br/cp/themes/default2/img/btn_google.png]
[safraro.neohost.tec.br/cp/themes/default2/img/download.png]
[safraro.neohost.tec.br/cp/themes/default2/img/btn_bro.png]
[safraro.neohost.tec.br/cp/index275c.html]
[safraro.neohost.tec.br/cp/indexfb45.html]
[safraro.neohost.tec.br/cp/themes/default2/img/QRCODE.png]
[safraro.neohost.tec.br/cp/indexd109.html]
[safraro.neohost.tec.br/cp/indexd9fc.html]
[safraro.neohost.tec.br/cp/indexc7c9.html]
[safraro.neohost.tec.br/cp/index41fd.html]
[safraro.neohost.tec.br/cp/index6378.html]
[safraro.neohost.tec.br/cp/indexe5a7.html]
[safraro.neohost.tec.br/cp/index358c.html]
[safraro.neohost.tec.br/cp/index2bfe.html]
[safraro.neohost.tec.br/cp/indexeb75.html]
[safraro.neohost.tec.br/cp/themes/default2/img/jobs/.html]
[safraro.neohost.tec.br/cp/index538e.html]
[safraro.neohost.tec.br/cp/indexf4a2.html]
[safraro.neohost.tec.br/cp/indexa588.html]
[safraro.neohost.tec.br/cp/index70ad.html]
[safraro.neohost.tec.br/cp/index34f9.html]
[safraro.neohost.tec.br/cp/indexdf3b.html]
[safraro.neohost.tec.br/cp/index7713.html]
[safraro.neohost.tec.br/cp/indexd109.html]
[safraro.neohost.tec.br/cp/index6378.html]
[safraro.neohost.tec.br/cp/indexeb75.html]
[safraro.neohost.tec.br/cp/indexc7c9.html]
[safraro.neohost.tec.br/cp/index34f9.html]
[safraro.neohost.tec.br/cp/indexe5a7.html]
[safraro.neohost.tec.br/cp/index2bfe.html]
[safraro.neohost.tec.br/cp/index538e.html]
[safraro.neohost.tec.br/cp/indexa588.html]
[safraro.neohost.tec.br/cp/index70ad.html]
[safraro.neohost.tec.br/cp/index8bd9.html]
[safraro.neohost.tec.br/cp/index7b21.html]
[safraro.neohost.tec.br/cp/indexab83.html]
[safraro.neohost.tec.br/cp/indexab83.html]
[safraro.neohost.tec.br/cp/index7b21.html]
[safraro.neohost.tec.br/cp/index8bd9.html]
