[meurag.wixsite.com/ragnasony.html]
[static.parastorage.com/unpkg/core-js-bundle@3.2.1/minified.js]
[static.parastorage.com/unpkg/focus-within-polyfill@5.0.9/dist/focus-within-polyfill.js]
[backblue.gif]
[fade.gif]
[index.html]
[polyfill-fastly.io/v3/polyfill.mind82c.js]
[meurag.wixsite.com/c.4.delayed]
[meurag.wixsite.com/t.5.delayed]
[meurag.wixsite.com/index.html]
[static.wixstatic.com/media/e4d8cf_2d15867c54344badbcf3e105e4bba354_mv2.png/v1/fill/w_80,h_80,al_c,q_85,usm_0.66_1.00_0.01,enc_avif,quality_auto/e4d8cf_2d15867c54344badbcf3e105e4bba354_mv2.png]
[meurag.wixsite.com/ragnasony/painel-de-controle.html]
[static.wixstatic.com/media/e4d8cf_18b8201c488143c8ac384d931094f787_mv2.png/v1/crop/x_0,y_0,w_320,h_550,q_85,blur_2,enc_avif,quality_auto/e4d8cf_18b8201c488143c8ac384d931094f787_mv2.png]
[static.wixstatic.com/media/e4d8cf_2d15867c54344badbcf3e105e4bba354_mv2.png/v1/crop/x_11,y_0,w_490,h_512,q_85,blur_2,enc_avif,quality_auto/e4d8cf_2d15867c54344badbcf3e105e4bba354_mv2.png]
[static.wixstatic.com/media/e4d8cf_2d15867c54344badbcf3e105e4bba354_mv2.png/v1/fill/w_55,h_55,al_c,q_85,usm_0.66_1.00_0.01,blur_2,enc_avif,quality_auto/e4d8cf_2d15867c54344badbcf3e105e4bba354_mv2.png]
[static.wixstatic.com/media/e4d8cf_63d779c69c0b4443a23a72d995f4cacd_mv2.png/v1/crop/x_39,y_0,w_567,h_385/fill/w_68,h_46,al_c,q_85,usm_0.66_1.00_0.01,blur_2,e/e4d8cf_63d779c69c0b4443a23a72d995f4cacd_mv2.png]
[static.parastorage.com/services/wix-thunderbolt/dist/8875.e26292eb.bundle.min.js]
[browser.sentry-cdn.com/6.18.2/bundle.min.js]
[meurag.wixsite.com/sitemap.e.delayed]
[meurag.wixsite.com/feed.f.delayed]
[static.parastorage.com/services/wix-thunderbolt/dist/thunderbolt-commons.b7a35b00.bundle.min.js]
[static.parastorage.com/services/wix-thunderbolt/dist/main.d98de0fd.bundle.min.js]
[static.parastorage.com/services/wix-thunderbolt/dist/main.renderer.1d21f023.bundle.min.js]
[static.parastorage.com/unpkg/lodash@4.17.21/lodash.min.js]
[static.parastorage.com/unpkg/react@18.3.1/umd/react.production.min.js]
[static.parastorage.com/unpkg/react-dom@18.3.1/umd/react-dom.production.min.js]
[static.parastorage.com/services/wix-thunderbolt/dist/browser-deprecation.bundle.es5.js]
[meurag.wixsite.com/decodeURIComponent(e.17.delayed]
[meurag.wixsite.com/ragnasony.html]
[meurag.wixsite.com/c.html]
[meurag.wixsite.com/t.html]
[meurag.wixsite.com/index.html]
[static.parastorage.com/services/tag-manager-client/1.875.0/siteTags.bundle.min.js]
[meurag.wixsite.com/ragnasony/c.19.delayed]
[meurag.wixsite.com/ragnasony/t.1a.delayed]
[meurag.wixsite.com/ragnasony/robots.1b.delayed]
[meurag.wixsite.com/ragnasony/sitemap.xml]
[meurag.wixsite.com/ragnasony/feed.1d.delayed]
[meurag.wixsite.com/ragnasony/decodeURIComponent(e.1e.delayed]
[meurag.wixsite.com/ragnasony/painel-de-controle.html]
[meurag.wixsite.com/sitemap.html]
[meurag.wixsite.com/feed.html]
[meurag.wixsite.com/decodeURIComponent(e.html]
[meurag.wixsite.com/ragnasony/c.html]
[meurag.wixsite.com/ragnasony/t.html]
[meurag.wixsite.com/ragnasony/robots.html]
[meurag.wixsite.com/ragnasony/feed.html]
[meurag.wixsite.com/ragnasony/decodeURIComponent(e.html]
